components/satellite/utils.ts(66,48): error TS18047: 'positionAndVelocity' is possibly 'null'.
components/satellite/utils.ts(74,25): error TS18047: 'positionAndVelocity' is possibly 'null'.
components/satellite/utils.ts(83,19): error TS18047: 'positionAndVelocity' is possibly 'null'.
